folder=solutions/
languages=
